
> @mantenimiento/pwa@2.32.4 prebuild D:\a\APP leventamiento de insidencias en planta\apps\pwa
> pnpm run sync:version


> @mantenimiento/pwa@2.32.4 sync:version D:\a\APP leventamiento de insidencias en planta\apps\pwa
> node ../../scripts/sync-pwa-version.mjs

[sync-pwa-version] OK: ya estaba sincronizado (v2.32.4)

> @mantenimiento/pwa@2.32.4 build D:\a\APP leventamiento de insidencias en planta\apps\pwa
> vite build

[36mvite v6.4.1 [32mbuilding for production...[36m[39m
transforming...
[32m✓[39m 2996 modules transformed.
rendering chunks...
computing gzip size...
[2mdist/[22m[32mindex.html                              [39m[1m[2m    1.57 kB[22m[1m[22m[2m │ gzip:   0.69 kB[22m
[2mdist/[22m[35massets/index-BlvZTuN6.css               [39m[1m[2m   64.57 kB[22m[1m[22m[2m │ gzip:  10.82 kB[22m
[2mdist/[22m[36massets/PublicEquipmentView-D592nOV2.js  [39m[1m[2m   10.92 kB[22m[1m[22m[2m │ gzip:   3.42 kB[22m
[2mdist/[22m[36massets/HierarchyPage-GIlk0_CD.js        [39m[1m[2m   20.36 kB[22m[1m[22m[2m │ gzip:   6.14 kB[22m
[2mdist/[22m[36massets/purify.es-B9ZVCkUG.js            [39m[1m[2m   22.64 kB[22m[1m[22m[2m │ gzip:   8.75 kB[22m
[2mdist/[22m[36massets/PreventivePage-SCrUoRUX.js       [39m[1m[2m   29.75 kB[22m[1m[22m[2m │ gzip:   7.72 kB[22m
[2mdist/[22m[36massets/MapPage-65xoEIvD.js              [39m[1m[2m   35.83 kB[22m[1m[22m[2m │ gzip:  11.14 kB[22m
[2mdist/[22m[36massets/SettingsPage-shlICGtI.js         [39m[1m[2m   45.98 kB[22m[1m[22m[2m │ gzip:  11.73 kB[22m
[2mdist/[22m[36massets/SensorsPage-DrHtOb7t.js          [39m[1m[2m   70.21 kB[22m[1m[22m[2m │ gzip:  17.55 kB[22m
[2mdist/[22m[36massets/PhotoEvidencePage-PYi61tuW.js    [39m[1m[2m   83.63 kB[22m[1m[22m[2m │ gzip:  24.07 kB[22m
[2mdist/[22m[36massets/ui-BUaDrKyO.js                   [39m[1m[2m  101.04 kB[22m[1m[22m[2m │ gzip:  33.34 kB[22m
[2mdist/[22m[36massets/index.es-DFk5DPvq.js             [39m[1m[2m  159.44 kB[22m[1m[22m[2m │ gzip:  53.46 kB[22m
[2mdist/[22m[36massets/vendor-DVqSOM3W.js               [39m[1m[2m  179.49 kB[22m[1m[22m[2m │ gzip:  59.13 kB[22m
[2mdist/[22m[36massets/html2canvas.esm-QH1iLAAe.js      [39m[1m[2m  202.38 kB[22m[1m[22m[2m │ gzip:  48.04 kB[22m
[2mdist/[22m[36massets/firebase-DDwcFH9B.js             [39m[1m[33m  530.89 kB[39m[22m[2m │ gzip: 125.07 kB[22m
[2mdist/[22m[36massets/index-CaMChiJp.js                [39m[1m[33m2,752.29 kB[39m[22m[2m │ gzip: 738.97 kB[22m
[33m
(!) Some chunks are larger than 500 kB after minification. Consider:
- Using dynamic import() to code-split the application
- Use build.rollupOptions.output.manualChunks to improve chunking: https://rollupjs.org/configuration-options/#output-manualchunks
- Adjust chunk size limit for this warning via build.chunkSizeWarningLimit.[39m
[32m✓ built in 20.75s[39m
